2026/08/27 12:18:08 Frame.io Drive - 1.11.0 (windows) 
Client timezone: CEST
Proxy Settings
App proxy: auto
No system proxies detected
Account version: 4 

2026/08/27 12:18:10 🚀 Started               | ID: 704f1d57-533c-4370-aa75-03457227e722 | C:\Users\Constantin\dev\rectangulo.com.mx\public\images\BEHIND THE SCENES\GENERAL BTS\DAC.jpg
2026/08/27 12:18:10 🚀 Started               | ID: d0685c4d-09ee-41c6-ba01-9e5d614c70b1 | C:\Users\Constantin\dev\rectangulo.com.mx\public\images\BEHIND THE SCENES\GENERAL BTS\_1031890.jpg
2026/08/27 12:18:10 🚀 Started               | ID: 96fddc53-10ba-4e95-bc30-0c0f09b16bca | C:\Users\Constantin\dev\rectangulo.com.mx\public\images\BEHIND THE SCENES\GENERAL BTS\_0019673.jpg
2026/08/27 12:18:10 🚀 Started               | ID: 6ae4dd8d-4ee2-4a8a-8222-2add49e34550 | C:\Users\Constantin\dev\rectangulo.com.mx\public\images\BEHIND THE SCENES\GENERAL BTS\_0010042.jpg
2026/08/27 12:18:10 🚀 Started               | ID: 0499ad70-b7e6-4fd8-89a4-2de7647df89f | C:\Users\Constantin\dev\rectangulo.com.mx\public\images\BEHIND THE SCENES\GENERAL BTS\_1031876.jpg
2026/08/27 12:18:11 ✅ Completed & verified  | xxHash: 3afd646ecb537846                 | ID: d0685c4d-09ee-41c6-ba01-9e5d614c70b1 | C:\Users\Constantin\dev\rectangulo.com.mx\public\images\BEHIND THE SCENES\GENERAL BTS\_1031890.jpg
2026/08/27 12:18:11 ✅ Completed & verified  | xxHash: 29dd716d5e71e154                 | ID: 6ae4dd8d-4ee2-4a8a-8222-2add49e34550 | C:\Users\Constantin\dev\rectangulo.com.mx\public\images\BEHIND THE SCENES\GENERAL BTS\_0010042.jpg
2026/08/27 12:18:11 ✅ Completed & verified  | xxHash: ddc7b7caf44c54a4                 | ID: 704f1d57-533c-4370-aa75-03457227e722 | C:\Users\Constantin\dev\rectangulo.com.mx\public\images\BEHIND THE SCENES\GENERAL BTS\DAC.jpg
2026/08/27 12:18:11 🚀 Started               | ID: b4db3c84-8d27-4d90-b7e2-1a23961f9e40 | C:\Users\Constantin\dev\rectangulo.com.mx\public\images\BEHIND THE SCENES\GENERAL BTS\_1390267.jpg
2026/08/27 12:18:11 ✅ Completed & verified  | xxHash: 7777898dd4346660                 | ID: 96fddc53-10ba-4e95-bc30-0c0f09b16bca | C:\Users\Constantin\dev\rectangulo.com.mx\public\images\BEHIND THE SCENES\GENERAL BTS\_0019673.jpg
2026/08/27 12:18:11 🚀 Started               | ID: dd2092b9-578c-4a98-be5e-78a134923936 | C:\Users\Constantin\dev\rectangulo.com.mx\public\images\BEHIND THE SCENES\GENERAL BTS\DAC-6.jpg
2026/08/27 12:18:12 🚀 Started               | ID: e66a3dcd-2dde-4716-88a3-dc45741c94c3 | C:\Users\Constantin\dev\rectangulo.com.mx\public\images\BEHIND THE SCENES\GENERAL BTS\_0017615.jpg
2026/08/27 12:18:12 ✅ Completed & verified  | xxHash: 126f1d71f923455a                 | ID: 0499ad70-b7e6-4fd8-89a4-2de7647df89f | C:\Users\Constantin\dev\rectangulo.com.mx\public\images\BEHIND THE SCENES\GENERAL BTS\_1031876.jpg
2026/08/27 12:18:12 🚀 Started               | ID: ec4cf974-53ba-4998-9d88-f10fd3150d4f | C:\Users\Constantin\dev\rectangulo.com.mx\public\images\BEHIND THE SCENES\GENERAL BTS\PTFA3850.jpg
2026/08/27 12:18:12 ✅ Completed & verified  | xxHash: 140cff031bc514a4                 | ID: dd2092b9-578c-4a98-be5e-78a134923936 | C:\Users\Constantin\dev\rectangulo.com.mx\public\images\BEHIND THE SCENES\GENERAL BTS\DAC-6.jpg
2026/08/27 12:18:12 ✅ Completed & verified  | xxHash: 42e8f1b14364f92a                 | ID: b4db3c84-8d27-4d90-b7e2-1a23961f9e40 | C:\Users\Constantin\dev\rectangulo.com.mx\public\images\BEHIND THE SCENES\GENERAL BTS\_1390267.jpg
2026/08/27 12:18:12 🚀 Started               | ID: 23bf8b53-6bf3-4fc8-8bb1-0903e66d0356 | C:\Users\Constantin\dev\rectangulo.com.mx\public\images\BEHIND THE SCENES\GENERAL BTS\3 Rentals.png
2026/08/27 12:18:12 ✅ Completed & verified  | xxHash: 4318d194ab1950ae                 | ID: ec4cf974-53ba-4998-9d88-f10fd3150d4f | C:\Users\Constantin\dev\rectangulo.com.mx\public\images\BEHIND THE SCENES\GENERAL BTS\PTFA3850.jpg
2026/08/27 12:18:13 🚀 Started               | ID: 59abf5b9-fba6-4147-8152-64b9187f0804 | C:\Users\Constantin\dev\rectangulo.com.mx\public\images\BEHIND THE SCENES\GENERAL BTS\DAC-18.jpg
2026/08/27 12:18:13 ✅ Completed & verified  | xxHash: 5c250af9f0861dab                 | ID: e66a3dcd-2dde-4716-88a3-dc45741c94c3 | C:\Users\Constantin\dev\rectangulo.com.mx\public\images\BEHIND THE SCENES\GENERAL BTS\_0017615.jpg
2026/08/27 12:18:13 🚀 Started               | ID: 7c34671a-3a86-4222-9709-c432114366cb | C:\Users\Constantin\dev\rectangulo.com.mx\public\images\BEHIND THE SCENES\GENERAL BTS\Encore AMCO-5.jpg
2026/08/27 12:18:13 ✅ Completed & verified  | xxHash: 99fddebd4be1d5ec                 | ID: 23bf8b53-6bf3-4fc8-8bb1-0903e66d0356 | C:\Users\Constantin\dev\rectangulo.com.mx\public\images\BEHIND THE SCENES\GENERAL BTS\3 Rentals.png
2026/08/27 12:18:13 🚀 Started               | ID: 864acb46-1d5c-4846-b6bb-b7183e519ff0 | C:\Users\Constantin\dev\rectangulo.com.mx\public\images\BEHIND THE SCENES\GENERAL BTS\Encore AMCO-6.jpg
2026/08/27 12:18:13 🚀 Started               | ID: b0f4f500-01ed-4335-86e6-d0159312548b | C:\Users\Constantin\dev\rectangulo.com.mx\public\images\BEHIND THE SCENES\GENERAL BTS\P1602389.jpg
2026/08/27 12:18:13 ✅ Completed & verified  | xxHash: 4f90e267346dc8f2                 | ID: 864acb46-1d5c-4846-b6bb-b7183e519ff0 | C:\Users\Constantin\dev\rectangulo.com.mx\public\images\BEHIND THE SCENES\GENERAL BTS\Encore AMCO-6.jpg
2026/08/27 12:18:14 🚀 Started               | ID: b0fbeca0-7ce0-4818-93fb-8f98485a5809 | C:\Users\Constantin\dev\rectangulo.com.mx\public\images\BEHIND THE SCENES\GENERAL BTS\_MG_2036.jpg
2026/08/27 12:18:14 ✅ Completed & verified  | xxHash: 5274d2ec0c3153b3                 | ID: b0fbeca0-7ce0-4818-93fb-8f98485a5809 | C:\Users\Constantin\dev\rectangulo.com.mx\public\images\BEHIND THE SCENES\GENERAL BTS\_MG_2036.jpg
2026/08/27 12:18:14 ✅ Completed & verified  | xxHash: 57dfc8e3e5717e34                 | ID: 7c34671a-3a86-4222-9709-c432114366cb | C:\Users\Constantin\dev\rectangulo.com.mx\public\images\BEHIND THE SCENES\GENERAL BTS\Encore AMCO-5.jpg
2026/08/27 12:18:14 ✅ Completed & verified  | xxHash: cd16365381bf1e6c                 | ID: 59abf5b9-fba6-4147-8152-64b9187f0804 | C:\Users\Constantin\dev\rectangulo.com.mx\public\images\BEHIND THE SCENES\GENERAL BTS\DAC-18.jpg
2026/08/27 12:18:14 🚀 Started               | ID: f14bac56-2270-4a35-9648-bceeaadc6369 | C:\Users\Constantin\dev\rectangulo.com.mx\public\images\BEHIND THE SCENES\GENERAL BTS\_1031983-Enhanced-NR.jpg
2026/08/27 12:18:14 ✅ Completed & verified  | xxHash: 8d99bda14d8ea045                 | ID: b0f4f500-01ed-4335-86e6-d0159312548b | C:\Users\Constantin\dev\rectangulo.com.mx\public\images\BEHIND THE SCENES\GENERAL BTS\P1602389.jpg
2026/08/27 12:18:14 🚀 Started               | ID: 65613922-ddb2-4a33-90a3-3839d15c6762 | C:\Users\Constantin\dev\rectangulo.com.mx\public\images\BEHIND THE SCENES\GENERAL BTS\_0019094.jpg
2026/08/27 12:18:14 🚀 Started               | ID: 54596597-5670-4215-b09d-7775440185e4 | C:\Users\Constantin\dev\rectangulo.com.mx\public\images\BEHIND THE SCENES\GENERAL BTS\_1390309.jpg
2026/08/27 12:18:15 ✅ Completed & verified  | xxHash: d302a64b5007a6bc                 | ID: f14bac56-2270-4a35-9648-bceeaadc6369 | C:\Users\Constantin\dev\rectangulo.com.mx\public\images\BEHIND THE SCENES\GENERAL BTS\_1031983-Enhanced-NR.jpg
2026/08/27 12:18:15 🚀 Started               | ID: 7e342fea-eb7c-409b-8476-d906c5034420 | C:\Users\Constantin\dev\rectangulo.com.mx\public\images\BEHIND THE SCENES\GENERAL BTS\DAC-15.jpg
2026/08/27 12:18:15 ✅ Completed & verified  | xxHash: 1cc666f1c62a48aa                 | ID: 65613922-ddb2-4a33-90a3-3839d15c6762 | C:\Users\Constantin\dev\rectangulo.com.mx\public\images\BEHIND THE SCENES\GENERAL BTS\_0019094.jpg
2026/08/27 12:18:15 🚀 Started               | ID: b9bdfd6e-505e-43b1-9a34-c350c3964ec8 | C:\Users\Constantin\dev\rectangulo.com.mx\public\images\BEHIND THE SCENES\GENERAL BTS\DAC-12.jpg
2026/08/27 12:18:15 ✅ Completed & verified  | xxHash: 43d127875d99b1ef                 | ID: 54596597-5670-4215-b09d-7775440185e4 | C:\Users\Constantin\dev\rectangulo.com.mx\public\images\BEHIND THE SCENES\GENERAL BTS\_1390309.jpg
2026/08/27 12:18:15 🚀 Started               | ID: babbbc19-bc57-4c9c-b2a4-e07833162a4a | C:\Users\Constantin\dev\rectangulo.com.mx\public\images\BEHIND THE SCENES\GENERAL BTS\_1390186.jpg
2026/08/27 12:18:15 🚀 Started               | ID: 28c6d474-7827-4f8e-a4be-f850a330cd92 | C:\Users\Constantin\dev\rectangulo.com.mx\public\images\BEHIND THE SCENES\GENERAL BTS\_0010100.jpg
2026/08/27 12:18:16 ✅ Completed & verified  | xxHash: 4148c5fded2a8d1a                 | ID: 28c6d474-7827-4f8e-a4be-f850a330cd92 | C:\Users\Constantin\dev\rectangulo.com.mx\public\images\BEHIND THE SCENES\GENERAL BTS\_0010100.jpg
2026/08/27 12:18:16 ✅ Completed & verified  | xxHash: cb7732d67de2878e                 | ID: 7e342fea-eb7c-409b-8476-d906c5034420 | C:\Users\Constantin\dev\rectangulo.com.mx\public\images\BEHIND THE SCENES\GENERAL BTS\DAC-15.jpg
2026/08/27 12:18:16 ✅ Completed & verified  | xxHash: c3c2c85fb4746742                 | ID: b9bdfd6e-505e-43b1-9a34-c350c3964ec8 | C:\Users\Constantin\dev\rectangulo.com.mx\public\images\BEHIND THE SCENES\GENERAL BTS\DAC-12.jpg
2026/08/27 12:18:16 🚀 Started               | ID: cc6fb0c5-2f90-4c1e-957a-66f4c6af82d4 | C:\Users\Constantin\dev\rectangulo.com.mx\public\images\BEHIND THE SCENES\GENERAL BTS\PTFA3841.jpg
2026/08/27 12:18:16 🚀 Started               | ID: 3ba124a6-16e7-4f19-8fcd-f1eaef4bd22e | C:\Users\Constantin\dev\rectangulo.com.mx\public\images\BEHIND THE SCENES\GENERAL BTS\P1070263.jpg
2026/08/27 12:18:16 🚀 Started               | ID: 6fd0b0db-646b-48f1-9461-b368e12f83fd | C:\Users\Constantin\dev\rectangulo.com.mx\public\images\BEHIND THE SCENES\Videoclip - Guerza\P1086498.jpg
2026/08/27 12:18:16 ✅ Completed & verified  | xxHash: 2b9f57ed1ca41b2b                 | ID: babbbc19-bc57-4c9c-b2a4-e07833162a4a | C:\Users\Constantin\dev\rectangulo.com.mx\public\images\BEHIND THE SCENES\GENERAL BTS\_1390186.jpg
2026/08/27 12:18:16 ✅ Completed & verified  | xxHash: c87481dd859ec6ba                 | ID: 3ba124a6-16e7-4f19-8fcd-f1eaef4bd22e | C:\Users\Constantin\dev\rectangulo.com.mx\public\images\BEHIND THE SCENES\GENERAL BTS\P1070263.jpg
2026/08/27 12:18:16 🚀 Started               | ID: 7b39aab5-9108-49aa-a378-f4e31ce25b4d | C:\Users\Constantin\dev\rectangulo.com.mx\public\images\BEHIND THE SCENES\Videoclip - Guerza\P1086511.jpg
2026/08/27 12:18:16 🚀 Started               | ID: 1fbd824a-3aad-489c-8fe8-d13cf30243dc | C:\Users\Constantin\dev\rectangulo.com.mx\public\images\BEHIND THE SCENES\Videoclip - Guerza\P1086513.jpg
2026/08/27 12:18:17 ✅ Completed & verified  | xxHash: 0ca5b7ffff2e156d                 | ID: cc6fb0c5-2f90-4c1e-957a-66f4c6af82d4 | C:\Users\Constantin\dev\rectangulo.com.mx\public\images\BEHIND THE SCENES\GENERAL BTS\PTFA3841.jpg
2026/08/27 12:18:17 ✅ Completed & verified  | xxHash: 1729d4597e3a7192                 | ID: 6fd0b0db-646b-48f1-9461-b368e12f83fd | C:\Users\Constantin\dev\rectangulo.com.mx\public\images\BEHIND THE SCENES\Videoclip - Guerza\P1086498.jpg
2026/08/27 12:18:17 🚀 Started               | ID: 451143ab-b515-4026-a6ee-a9db6b5078e6 | C:\Users\Constantin\dev\rectangulo.com.mx\public\images\BEHIND THE SCENES\Videoclip - Guerza\P1086516.jpg
2026/08/27 12:18:17 ✅ Completed & verified  | xxHash: 54e9ee0f2375a9ee                 | ID: 1fbd824a-3aad-489c-8fe8-d13cf30243dc | C:\Users\Constantin\dev\rectangulo.com.mx\public\images\BEHIND THE SCENES\Videoclip - Guerza\P1086513.jpg
2026/08/27 12:18:17 ✅ Completed & verified  | xxHash: e3a5e5ea87fc03cf                 | ID: 7b39aab5-9108-49aa-a378-f4e31ce25b4d | C:\Users\Constantin\dev\rectangulo.com.mx\public\images\BEHIND THE SCENES\Videoclip - Guerza\P1086511.jpg
2026/08/27 12:18:17 🚀 Started               | ID: 748c0505-785b-49b7-9e53-5c420cdd7b89 | C:\Users\Constantin\dev\rectangulo.com.mx\public\images\BEHIND THE SCENES\La Carne Ajena - BTS\LCA BTS-28.jpg
2026/08/27 12:18:17 🚀 Started               | ID: bf0eea9b-9796-485d-b31d-196d49ee78c7 | C:\Users\Constantin\dev\rectangulo.com.mx\public\images\BEHIND THE SCENES\La Carne Ajena - BTS\LCA BTS-6.jpg
2026/08/27 12:18:17 🚀 Started               | ID: c185110b-db34-4339-92e0-0b9722eada3e | C:\Users\Constantin\dev\rectangulo.com.mx\public\images\BEHIND THE SCENES\La Carne Ajena - BTS\LCA BTS-125.jpg
2026/08/27 12:18:18 ✅ Completed & verified  | xxHash: 2d74ebcd5a95dabb                 | ID: 748c0505-785b-49b7-9e53-5c420cdd7b89 | C:\Users\Constantin\dev\rectangulo.com.mx\public\images\BEHIND THE SCENES\La Carne Ajena - BTS\LCA BTS-28.jpg
2026/08/27 12:18:18 ✅ Completed & verified  | xxHash: b69c41499f262711                 | ID: bf0eea9b-9796-485d-b31d-196d49ee78c7 | C:\Users\Constantin\dev\rectangulo.com.mx\public\images\BEHIND THE SCENES\La Carne Ajena - BTS\LCA BTS-6.jpg
2026/08/27 12:18:18 ✅ Completed & verified  | xxHash: 02f7949fdf64b48c                 | ID: c185110b-db34-4339-92e0-0b9722eada3e | C:\Users\Constantin\dev\rectangulo.com.mx\public\images\BEHIND THE SCENES\La Carne Ajena - BTS\LCA BTS-125.jpg
2026/08/27 12:18:18 🚀 Started               | ID: 189b930a-beac-456e-a9d6-4594663fcdbb | C:\Users\Constantin\dev\rectangulo.com.mx\public\images\BEHIND THE SCENES\La Carne Ajena - BTS\LCA BTS-75.jpg
2026/08/27 12:18:18 ✅ Completed & verified  | xxHash: c6b51ab60a9f1261                 | ID: 451143ab-b515-4026-a6ee-a9db6b5078e6 | C:\Users\Constantin\dev\rectangulo.com.mx\public\images\BEHIND THE SCENES\Videoclip - Guerza\P1086516.jpg
2026/08/27 12:18:18 🚀 Started               | ID: 328918cb-4581-4e3e-a84b-003ae2c8d101 | C:\Users\Constantin\dev\rectangulo.com.mx\public\images\BEHIND THE SCENES\La Carne Ajena - BTS\LCA BTS-222.jpg
2026/08/27 12:18:18 🚀 Started               | ID: 469bc4b7-f863-4ee2-8fee-c838ea1a9a54 | C:\Users\Constantin\dev\rectangulo.com.mx\public\images\BEHIND THE SCENES\La Carne Ajena - BTS\LCA BTS.jpg
2026/08/27 12:18:18 🚀 Started               | ID: 78f6d277-4805-4a4f-a81a-49ccdb50e4bb | C:\Users\Constantin\dev\rectangulo.com.mx\public\images\BEHIND THE SCENES\La Carne Ajena - BTS\LCA BTS-8.jpg
2026/08/27 12:18:19 ✅ Completed & verified  | xxHash: d648f0a45215ddaf                 | ID: 189b930a-beac-456e-a9d6-4594663fcdbb | C:\Users\Constantin\dev\rectangulo.com.mx\public\images\BEHIND THE SCENES\La Carne Ajena - BTS\LCA BTS-75.jpg
2026/08/27 12:18:19 🚀 Started               | ID: a2217a99-f064-457b-b354-79a0a5ba327f | C:\Users\Constantin\dev\rectangulo.com.mx\public\images\BEHIND THE SCENES\La Carne Ajena - BTS\LCA BTS-77.jpg
2026/08/27 12:18:19 ✅ Completed & verified  | xxHash: d2dcac7f7b8d6035                 | ID: 78f6d277-4805-4a4f-a81a-49ccdb50e4bb | C:\Users\Constantin\dev\rectangulo.com.mx\public\images\BEHIND THE SCENES\La Carne Ajena - BTS\LCA BTS-8.jpg
2026/08/27 12:18:19 ✅ Completed & verified  | xxHash: bdac7e0eab3d7eff                 | ID: 469bc4b7-f863-4ee2-8fee-c838ea1a9a54 | C:\Users\Constantin\dev\rectangulo.com.mx\public\images\BEHIND THE SCENES\La Carne Ajena - BTS\LCA BTS.jpg
2026/08/27 12:18:19 🚀 Started               | ID: af311cea-beab-41a8-90e9-83d2c9d61cbb | C:\Users\Constantin\dev\rectangulo.com.mx\public\images\BEHIND THE SCENES\La Carne Ajena - BTS\DAC-134.jpg
2026/08/27 12:18:19 🚀 Started               | ID: df912761-475d-4a8c-a2e2-99b628e10086 | C:\Users\Constantin\dev\rectangulo.com.mx\public\images\BEHIND THE SCENES\La Carne Ajena - BTS\LCA BTS-203.jpg
2026/08/27 12:18:20 ✅ Completed & verified  | xxHash: 8557fa20149698f4                 | ID: a2217a99-f064-457b-b354-79a0a5ba327f | C:\Users\Constantin\dev\rectangulo.com.mx\public\images\BEHIND THE SCENES\La Carne Ajena - BTS\LCA BTS-77.jpg
2026/08/27 12:18:20 🚀 Started               | ID: fd0625e4-b080-4a1c-80e5-8d7d04cffd68 | C:\Users\Constantin\dev\rectangulo.com.mx\public\images\BEHIND THE SCENES\La Carne Ajena - BTS\DAC-128.jpg
2026/08/27 12:18:20 ✅ Completed & verified  | xxHash: 1c408a7e9a977445                 | ID: af311cea-beab-41a8-90e9-83d2c9d61cbb | C:\Users\Constantin\dev\rectangulo.com.mx\public\images\BEHIND THE SCENES\La Carne Ajena - BTS\DAC-134.jpg
2026/08/27 12:18:20 ✅ Completed & verified  | xxHash: 3bc18db9414079de                 | ID: 328918cb-4581-4e3e-a84b-003ae2c8d101 | C:\Users\Constantin\dev\rectangulo.com.mx\public\images\BEHIND THE SCENES\La Carne Ajena - BTS\LCA BTS-222.jpg
2026/08/27 12:18:21 🚀 Started               | ID: 2dba11a0-e078-482c-a8aa-9a1a685806cc | C:\Users\Constantin\dev\rectangulo.com.mx\public\images\BEHIND THE SCENES\La Carne Ajena - BTS\LCA BTS-219.jpg
2026/08/27 12:18:21 ✅ Completed & verified  | xxHash: 5fb3688227decaac                 | ID: fd0625e4-b080-4a1c-80e5-8d7d04cffd68 | C:\Users\Constantin\dev\rectangulo.com.mx\public\images\BEHIND THE SCENES\La Carne Ajena - BTS\DAC-128.jpg
2026/08/27 12:18:21 🚀 Started               | ID: 43cf3e1f-07cb-486e-abc1-f3f80b3d3892 | C:\Users\Constantin\dev\rectangulo.com.mx\public\images\BEHIND THE SCENES\La Carne Ajena - BTS\LCA BTS-104.jpg
2026/08/27 12:18:21 🚀 Started               | ID: 5867a12e-c1ef-4923-b3bd-5d97afa86ab6 | C:\Users\Constantin\dev\rectangulo.com.mx\public\images\BEHIND THE SCENES\La Carne Ajena - BTS\DAC-99.jpg
2026/08/27 12:18:21 ✅ Completed & verified  | xxHash: 09b778c745bcc8ca                 | ID: 5867a12e-c1ef-4923-b3bd-5d97afa86ab6 | C:\Users\Constantin\dev\rectangulo.com.mx\public\images\BEHIND THE SCENES\La Carne Ajena - BTS\DAC-99.jpg
2026/08/27 12:18:21 ✅ Completed & verified  | xxHash: d18ba61c955726a6                 | ID: 43cf3e1f-07cb-486e-abc1-f3f80b3d3892 | C:\Users\Constantin\dev\rectangulo.com.mx\public\images\BEHIND THE SCENES\La Carne Ajena - BTS\LCA BTS-104.jpg
2026/08/27 12:18:22 🚀 Started               | ID: fe2dc842-d0e3-4435-9e29-fe0b73692ad4 | C:\Users\Constantin\dev\rectangulo.com.mx\public\images\BEHIND THE SCENES\La Carne Ajena - BTS\LCA BTS-48.jpg
2026/08/27 12:18:22 ✅ Completed & verified  | xxHash: 3e01ca0da6deaee0                 | ID: 2dba11a0-e078-482c-a8aa-9a1a685806cc | C:\Users\Constantin\dev\rectangulo.com.mx\public\images\BEHIND THE SCENES\La Carne Ajena - BTS\LCA BTS-219.jpg
2026/08/27 12:18:22 🚀 Started               | ID: 099f032b-5923-4618-badf-5eec959b600b | C:\Users\Constantin\dev\rectangulo.com.mx\public\images\BEHIND THE SCENES\La Carne Ajena - BTS\DAC.jpg
2026/08/27 12:18:22 ✅ Completed & verified  | xxHash: e38b50b09aad4430                 | ID: df912761-475d-4a8c-a2e2-99b628e10086 | C:\Users\Constantin\dev\rectangulo.com.mx\public\images\BEHIND THE SCENES\La Carne Ajena - BTS\LCA BTS-203.jpg
2026/08/27 12:18:22 🚀 Started               | ID: 16b55acf-8af3-46db-ac89-d9ab1f68d82a | C:\Users\Constantin\dev\rectangulo.com.mx\public\images\BEHIND THE SCENES\La Carne Ajena - BTS\LCA BTS-105.jpg
2026/08/27 12:18:22 🚀 Started               | ID: 3f0588ce-605d-4468-bb5e-4e83eb929f92 | C:\Users\Constantin\dev\rectangulo.com.mx\public\images\BEHIND THE SCENES\La Carne Ajena - BTS\LCA BTS-215.jpg
2026/08/27 12:18:22 ✅ Completed & verified  | xxHash: 45e7fd2d08f3981b                 | ID: fe2dc842-d0e3-4435-9e29-fe0b73692ad4 | C:\Users\Constantin\dev\rectangulo.com.mx\public\images\BEHIND THE SCENES\La Carne Ajena - BTS\LCA BTS-48.jpg
2026/08/27 12:18:22 ✅ Completed & verified  | xxHash: 2f06949dd9346706                 | ID: 099f032b-5923-4618-badf-5eec959b600b | C:\Users\Constantin\dev\rectangulo.com.mx\public\images\BEHIND THE SCENES\La Carne Ajena - BTS\DAC.jpg
2026/08/27 12:18:22 🚀 Started               | ID: 969e1eb9-15eb-4ef3-b6f2-4a4f30e22664 | C:\Users\Constantin\dev\rectangulo.com.mx\public\images\BEHIND THE SCENES\La Carne Ajena - BTS\LCA BTS-94.jpg
2026/08/27 12:18:22 🚀 Started               | ID: e4d9322f-f8a8-4d6a-b47a-667e85145a12 | C:\Users\Constantin\dev\rectangulo.com.mx\public\images\BEHIND THE SCENES\La Carne Ajena - BTS\LCA BTS-90.jpg
2026/08/27 12:18:23 ✅ Completed & verified  | xxHash: e2d462459518a406                 | ID: 16b55acf-8af3-46db-ac89-d9ab1f68d82a | C:\Users\Constantin\dev\rectangulo.com.mx\public\images\BEHIND THE SCENES\La Carne Ajena - BTS\LCA BTS-105.jpg
2026/08/27 12:18:23 🚀 Started               | ID: 05622431-b0eb-4500-8e3e-58338a7ea79b | C:\Users\Constantin\dev\rectangulo.com.mx\public\images\BEHIND THE SCENES\La Carne Ajena - BTS\DAC-49.jpg
2026/08/27 12:18:23 ✅ Completed & verified  | xxHash: 5989217a30f1207a                 | ID: 969e1eb9-15eb-4ef3-b6f2-4a4f30e22664 | C:\Users\Constantin\dev\rectangulo.com.mx\public\images\BEHIND THE SCENES\La Carne Ajena - BTS\LCA BTS-94.jpg
2026/08/27 12:18:23 ✅ Completed & verified  | xxHash: d854e57bc2828e60                 | ID: e4d9322f-f8a8-4d6a-b47a-667e85145a12 | C:\Users\Constantin\dev\rectangulo.com.mx\public\images\BEHIND THE SCENES\La Carne Ajena - BTS\LCA BTS-90.jpg
2026/08/27 12:18:23 ✅ Completed & verified  | xxHash: 190e3d87433566d0                 | ID: 3f0588ce-605d-4468-bb5e-4e83eb929f92 | C:\Users\Constantin\dev\rectangulo.com.mx\public\images\BEHIND THE SCENES\La Carne Ajena - BTS\LCA BTS-215.jpg
2026/08/27 12:18:23 🚀 Started               | ID: 4592db94-5ff4-49be-be71-110d0cf90c9b | C:\Users\Constantin\dev\rectangulo.com.mx\public\images\BEHIND THE SCENES\La Carne Ajena - BTS\LCA BTS-128.jpg
2026/08/27 12:18:23 🚀 Started               | ID: 3d5577e2-e1eb-4e18-810a-0fd71a9e444f | C:\Users\Constantin\dev\rectangulo.com.mx\public\images\BEHIND THE SCENES\La Carne Ajena - BTS\LCA BTS-84.jpg
2026/08/27 12:18:24 🚀 Started               | ID: 5c60d58a-5632-47b1-bf65-a1ac2bca14fe | C:\Users\Constantin\dev\rectangulo.com.mx\public\images\BEHIND THE SCENES\La Carne Ajena - BTS\LCA BTS-158.jpg
2026/08/27 12:18:24 ✅ Completed & verified  | xxHash: 0afcaf542020c4f7                 | ID: 05622431-b0eb-4500-8e3e-58338a7ea79b | C:\Users\Constantin\dev\rectangulo.com.mx\public\images\BEHIND THE SCENES\La Carne Ajena - BTS\DAC-49.jpg
2026/08/27 12:18:24 🚀 Started               | ID: 64c4c840-170a-4482-9bb1-1df862e16a3c | C:\Users\Constantin\dev\rectangulo.com.mx\public\images\BEHIND THE SCENES\La Carne Ajena - BTS\DAC-7.jpg
2026/08/27 12:18:24 ✅ Completed & verified  | xxHash: 0061db712fe7414b                 | ID: 64c4c840-170a-4482-9bb1-1df862e16a3c | C:\Users\Constantin\dev\rectangulo.com.mx\public\images\BEHIND THE SCENES\La Carne Ajena - BTS\DAC-7.jpg
2026/08/27 12:18:25 ✅ Completed & verified  | xxHash: cd94b2c111dab0bb                 | ID: 5c60d58a-5632-47b1-bf65-a1ac2bca14fe | C:\Users\Constantin\dev\rectangulo.com.mx\public\images\BEHIND THE SCENES\La Carne Ajena - BTS\LCA BTS-158.jpg
2026/08/27 12:18:25 ✅ Completed & verified  | xxHash: d7b3993d7a93e4f1                 | ID: 4592db94-5ff4-49be-be71-110d0cf90c9b | C:\Users\Constantin\dev\rectangulo.com.mx\public\images\BEHIND THE SCENES\La Carne Ajena - BTS\LCA BTS-128.jpg
2026/08/27 12:18:25 🚀 Started               | ID: 0fa5f2ba-b91c-4cd7-b5b4-9b7e979edf40 | C:\Users\Constantin\dev\rectangulo.com.mx\public\images\BEHIND THE SCENES\LARGE-SCALE EVENTS\P1519057.jpg
2026/08/27 12:18:25 🚀 Started               | ID: 6b52b38c-6be4-4cdc-b786-d4ee59747ac1 | C:\Users\Constantin\dev\rectangulo.com.mx\public\images\BEHIND THE SCENES\LARGE-SCALE EVENTS\P1519081.jpg
2026/08/27 12:18:25 🚀 Started               | ID: bc58aee9-29a5-4296-b39a-a37cce1d4173 | C:\Users\Constantin\dev\rectangulo.com.mx\public\images\BEHIND THE SCENES\LARGE-SCALE EVENTS\P1519107.jpg
2026/08/27 12:18:25 ✅ Completed & verified  | xxHash: 36263c8f6c8d91c2                 | ID: 3d5577e2-e1eb-4e18-810a-0fd71a9e444f | C:\Users\Constantin\dev\rectangulo.com.mx\public\images\BEHIND THE SCENES\La Carne Ajena - BTS\LCA BTS-84.jpg
2026/08/27 12:18:25 🚀 Started               | ID: fe55bf1a-e4ac-495b-8ab2-06832608abcd | C:\Users\Constantin\dev\rectangulo.com.mx\public\images\BEHIND THE SCENES\LARGE-SCALE EVENTS\P1519027.jpg
2026/08/27 12:18:26 ✅ Completed & verified  | xxHash: 339e8b11dd58c19d                 | ID: bc58aee9-29a5-4296-b39a-a37cce1d4173 | C:\Users\Constantin\dev\rectangulo.com.mx\public\images\BEHIND THE SCENES\LARGE-SCALE EVENTS\P1519107.jpg
2026/08/27 12:18:26 ✅ Completed & verified  | xxHash: a4a003eabe81fa12                 | ID: 0fa5f2ba-b91c-4cd7-b5b4-9b7e979edf40 | C:\Users\Constantin\dev\rectangulo.com.mx\public\images\BEHIND THE SCENES\LARGE-SCALE EVENTS\P1519057.jpg
2026/08/27 12:18:27 ✅ Completed & verified  | xxHash: 456e6bbe6cfcdf66                 | ID: 6b52b38c-6be4-4cdc-b786-d4ee59747ac1 | C:\Users\Constantin\dev\rectangulo.com.mx\public\images\BEHIND THE SCENES\LARGE-SCALE EVENTS\P1519081.jpg
2026/08/27 12:18:27 ✅ Completed & verified  | xxHash: e25a1ccd2e917a7f                 | ID: fe55bf1a-e4ac-495b-8ab2-06832608abcd | C:\Users\Constantin\dev\rectangulo.com.mx\public\images\BEHIND THE SCENES\LARGE-SCALE EVENTS\P1519027.jpg
2026/08/27 12:18:27 🏁 ===== download is complete =====
2026/08/27 12:18:27 
	Total files: 57
	Downloaded: 57
	Verified: 57
	Unverified: 0
	Failed: 0
	Canceled: 0
	Skipped 0
	
	
